// Jest Snapshot v1, https://goo.gl/fbAQLP

exports[`render without crashing 1`] = `
Array [
  <React.Fragment>
    [Function]
  </React.Fragment>,
]
`;
